node.exe : FAIL src/com
ponents/__tests__/Error
Boundary.test.tsx
At line:1 char:1
+ & "C:\Program 
Files\nodejs/node.exe" 
"C:\Users\emile\AppData
\Roaming\ ...
+ ~~~~~~~~~~~~~~~~~~~~~
~~~~~~~~~~~~~~~~~~~~~~~
~~~~~~~~~~~~~~~~~~~~~~~
~~
    + CategoryInfo     
         : NotSpecifi  
  ed: (FAIL src/comp   
 on...undary.test.t    
sx:String) [], Rem    
oteException
    + FullyQualifiedEr 
   rorId : NativeComm  
  andError
 
  ÔùÅ Test suite 
failed to run

    Cannot find module 
'@testing-library/dom' 
from 'node_modules/@tes
ting-library/react/dist
/pure.js'

    Require stack:
      node_modules/@tes
ting-library/react/dist
/pure.js
      node_modules/@tes
ting-library/react/dist
/index.js
      src/components/__
tests__/ErrorBoundary.t
est.tsx

    [0m [90m  8 
|[39m 
[36mimport[39m { [33
mErrorBoundary[39m } 
[36mfrom[39m [32m"..
/ErrorBoundary"[39m[3
3m;[39m
     [90m  9 |[39m
    [31m[1m>[22m[39
m[90m 10 |[39m 
[90m// Component that 
throws[39m
     [90m    |[39m   
              
[31m[1m^[22m[39m
     [90m 11 |[39m 
[36mfunction[39m [33
mThrowingComponent[39m
({ shouldThrow 
}[33m:[39m { 
shouldThrow[33m:[39m 
boolean }) {
     [90m 12 |[39m   
[36mif[39m 
(shouldThrow) 
[36mthrow[39m 
[36mnew[39m [33mErro
r[39m([32m"Test 
error message"[39m)[3
3m;[39m
     [90m 13 |[39m   
[36mreturn[39m [33m<
[39m[33mdiv[39m[33m
>[39m[33mContent[39m
 rendered[33m<[39m[3
3m/[39m[33mdiv[39m[
33m>[39m[33m;[39m[0
m

      at Resolver._thro
wModNotFoundError (node
_modules/jest-resolve/b
uild/index.js:863:11)
      at 
Object.<anonymous> (nod
e_modules/@testing-libr
ary/react/dist/pure.js:
46:12)
      at 
Object.<anonymous> (nod
e_modules/@testing-libr
ary/react/dist/index.js
:7:13)
      at 
Object.<anonymous> (src
/components/__tests__/E
rrorBoundary.test.tsx:1
0:17)

FAIL src/components/__t
ests__/Skeleton.test.ts
x
  ÔùÅ Test suite 
failed to run

    Cannot find module 
'@testing-library/dom' 
from 'node_modules/@tes
ting-library/react/dist
/pure.js'

    Require stack:
      node_modules/@tes
ting-library/react/dist
/pure.js
      node_modules/@tes
ting-library/react/dist
/index.js
      src/components/__
tests__/Skeleton.test.t
sx

    [0m [90m  7 
|[39m 
[36mimport[39m { [33
mSkeleton[39m[33m,[3
9m [33mSkeletonCard[3
9m[33m,[39m [33mSkel
etonRadioPlayer[39m } 
[36mfrom[39m [32m"..
/ui/Skeleton"[39m[33m
;[39m
     [90m  8 |[39m
    [31m[1m>[22m[39
m[90m  9 |[39m descri
be([32m"Skeleton"[39m
[33m,[39m () 
[33m=>[39m {
     [90m    |[39m   
              
[31m[1m^[22m[39m
     [90m 10 |[39m   
it([32m"renders with 
default 
class"[39m[33m,[39m 
() [33m=>[39m {
     [90m 11 |[39m   
  [36mconst[39m { 
container } 
[33m=[39m render([33
m<[39m[33mSkeleton[3
9m [33m/[39m[33m>[3
9m)[33m;[39m
     [90m 12 |[39m   
  [36mconst[39m el 
[33m=[39m container[
33m.[39mfirstChild 
[36mas[39m [33mHTMLE
lement[39m[33m;[39m
[0m

      at Resolver._thro
wModNotFoundError (node
_modules/jest-resolve/b
uild/index.js:863:11)
      at 
Object.<anonymous> (nod
e_modules/@testing-libr
ary/react/dist/pure.js:
46:12)
      at 
Object.<anonymous> (nod
e_modules/@testing-libr
ary/react/dist/index.js
:7:13)
      at 
Object.<anonymous> (src
/components/__tests__/S
keleton.test.tsx:9:17)

Test Suites: 2 failed, 
2 total
Tests:       0 total
Snapshots:   0 total
Time:        2.699 s
Ran all test suites 
matching src\components
\__tests__\Skeleton.tes
t.tsx|src\components\__
tests__\ErrorBoundary.t
est.tsx.
